I'm sorry, but errors were detected in your script. Please correct the
errors listed below, and try again.


File "game/screens.rpy", line 37: u'return' is not a keyword argument or valid child for the screen statement.
    return
          ^

Ren'Py Version: Ren'Py 7.4.11.2266
Tue Mar  3 11:34:21 2026
